// Jest Snapshot v1, https://goo.gl/fbAQLP

exports[`<CircleDraggablePoints /> should have proper structure 1`] = `"<div class=\\"draggable-points\\"><div class=\\"point\\" style=\\"left: 50px; bottom: 100px;\\"><div class=\\"point__handler\\"></div></div><div class=\\"point\\" style=\\"left: 50px; bottom: 0px;\\"><div class=\\"point__handler\\"></div></div></div>"`;
