// Jest Snapshot v1, https://goo.gl/fbAQLP

exports[`<FilterPanel /> default behavior should render FilterPanel component 1`] = `
<FilterPanel
  OptionComponent={[Function]}
  OptionsContainer={[Function]}
  className=""
  id="Some Filter Id"
  onChange={[Function]}
  onCollapseStateChange={[Function]}
  options={
    Array [
      Object {
        "id": "test",
        "label": "test",
        "name": "test",
      },
    ]
  }
  title="Some Filter Title"
>
  <Panel
    modifierClass=""
  >
    <div
      className="sc-panel "
    >
      <PanelHeader
        className=""
        key=".0"
      >
        <div
          className="sc-panel-heading"
        >
          <div
            className="sc-panel-title"
          >
            <h3
              key=".0"
            >
              Some Filter Title
            </h3>
          </div>
        </div>
      </PanelHeader>
      <div
        className="sc-panel-body"
      >
        <Multiselect
          className=""
          fullWidth={true}
          key=".1"
          labelPosition="left"
          noVerticalLines={false}
          onChange={[Function]}
        >
          <ul
            className="multiselect"
          >
            <li
              className="multiselect__row"
              key=".$test"
            >
              <div
                className="li-content"
              >
                <Checkbox
                  checked={false}
                  className="filter__label--truncate"
                  data-test-element="testCheckbox"
                  disabled={false}
                  fullWidth={true}
                  isOnlyCheckboxClickable={false}
                  key="test"
                  label={
                    <FilterLabel
                      className=""
                      label="test"
                      labelCount={null}
                      labelIcon=""
                    />
                  }
                  labelPosition="left"
                  name="test"
                  onChange={[Function]}
                  showHint={true}
                  tooltip=""
                >
                  <div
                    className="square-checkbox filter__label--truncate square-checkbox--clickable square-checkbox-full-width"
                  >
                    <label
                      className="square-checkbox__label square-checkbox__label--clickable"
                      htmlFor="test"
                      title=""
                    >
                      <FilterLabel
                        className=""
                        label="test"
                        labelCount={null}
                        labelIcon=""
                      >
                        <div
                          className="label-item"
                        >
                          <div
                            className="label-item__name"
                          >
                            test
                          </div>
                        </div>
                      </FilterLabel>
                    </label>
                    <label
                      className="square-checkbox-square"
                    >
                      <input
                        checked={false}
                        data-test-element="testCheckbox"
                        disabled={false}
                        id="test"
                        name="test"
                        onChange={[Function]}
                        type="checkbox"
                      />
                      <span />
                    </label>
                  </div>
                </Checkbox>
              </div>
            </li>
          </ul>
        </Multiselect>
      </div>
    </div>
  </Panel>
</FilterPanel>
`;
